[www.dibiz.com/en.html]
[www.google-analytics.com/analytics.js]
[backblue.gif]
[fade.gif]
[index.html]
[www.dibiz.com/index.html]
[d2105m540nvnaz.cloudfront.net/assets/favicon-16x16.png]
[d2105m540nvnaz.cloudfront.net/assets/favicon-32x32.png]
[maxcdn.bootstrapcdn.com/font-awesome/4.7.0/css/font-awesome.min.css]
[d2105m540nvnaz.cloudfront.net/assets/home/css_002.css]
[d2105m540nvnaz.cloudfront.net/assets/home/css.css]
[d2105m540nvnaz.cloudfront.net/assets/home/reset.css]
[d2105m540nvnaz.cloudfront.net/assets/home/bootstrap.min.css]
[d2105m540nvnaz.cloudfront.net/assets/home/animate.min.css]
[d2105m540nvnaz.cloudfront.net/assets/home/owl.carousel.css]
[d2105m540nvnaz.cloudfront.net/assets/home/lity.min.css]
[d2105m540nvnaz.cloudfront.net/assets/home-bfab9fee0bd88831e62b5e5062b311056daf724e64eeb6b07daed8081d47b33e.css]
[d2105m540nvnaz.cloudfront.net/assets/home/css_003.css]
[d2105m540nvnaz.cloudfront.net/assets/home/jquery.js]
[d2105m540nvnaz.cloudfront.net/assets/home/jquery-migrate.min.js]
[www.dibiz.com/en/signup.html]
[www.dibiz.com/en/pricing.html]
[www.dibiz.com/en/how.html]
[www.dibiz.com/de.html]
[www.dibiz.com/es.html]
[www.dibiz.com/fr.html]
[www.dibiz.com/zh.html]
[www.dibiz.com/ru.html]
[www.dibiz.com/ar.html]
[www.dibiz.com/he.html]
[d2105m540nvnaz.cloudfront.net/assets/home/logos/REMAX.png]
[d2105m540nvnaz.cloudfront.net/assets/home/slide-faces.jpg]
[d2105m540nvnaz.cloudfront.net/assets/home/logos/TD_Bank.png]
[d2105m540nvnaz.cloudfront.net/assets/home/logos/Toyota.png]
[d2105m540nvnaz.cloudfront.net/assets/home/logos/lancome.png]
[d2105m540nvnaz.cloudfront.net/assets/home/logos/ford.png]
[d2105m540nvnaz.cloudfront.net/assets/home/logos/Jeep.png]
[d2105m540nvnaz.cloudfront.net/assets/home/feature1.jpg]
[d2105m540nvnaz.cloudfront.net/assets/home/feature2.jpg]
[d2105m540nvnaz.cloudfront.net/assets/home/feature3.jpg]
[d2105m540nvnaz.cloudfront.net/assets/how-it-works/img_sec1.png]
[d2105m540nvnaz.cloudfront.net/assets/how-it-works/img_sec2.png]
[d2105m540nvnaz.cloudfront.net/assets/how-it-works/img_sec3.png]
[d2105m540nvnaz.cloudfront.net/assets/examples/orelia-example.jpg]
[d2105m540nvnaz.cloudfront.net/assets/examples/michael-chef.jpg]
[d2105m540nvnaz.cloudfront.net/assets/examples/sven-example.jpg]
[d2105m540nvnaz.cloudfront.net/assets/examples/douglas.jpg]
[d2105m540nvnaz.cloudfront.net/assets/examples/jennifer-example2.jpg]
[d2105m540nvnaz.cloudfront.net/assets/examples/oliver-example.jpg]
[d2105m540nvnaz.cloudfront.net/assets/examples/orelia.jpg]
[d2105m540nvnaz.cloudfront.net/assets/examples/michael-chef.png]
[d2105m540nvnaz.cloudfront.net/assets/examples/danny-profile.png]
[d2105m540nvnaz.cloudfront.net/assets/examples/douglas-profile.png]
[d2105m540nvnaz.cloudfront.net/assets/examples/lady.jpg]
[d2105m540nvnaz.cloudfront.net/assets/examples/architect.jpg]
[www.recaptcha.net/recaptcha/api.js]
[d2105m540nvnaz.cloudfront.net/assets/swiper.min.css]
[d2105m540nvnaz.cloudfront.net/assets/swiper.min.js]
[d2105m540nvnaz.cloudfront.net/assets/home-fcffaee41a68c36c7e7497c095b32092014706e4eba19a63c6e70e97ec92bb3b.js]
[www.dibiz.com/en/reset_password.html]
[d2105m540nvnaz.cloudfront.net/assets/home/vendor/modernizr.js]
[d2105m540nvnaz.cloudfront.net/assets/home/vendor/jquery.inview.min.js]
[d2105m540nvnaz.cloudfront.net/assets/home/vendor/owl.carousel.min.js]
[d2105m540nvnaz.cloudfront.net/assets/home/vendor/jquery.matchHeight-min.js]
[d2105m540nvnaz.cloudfront.net/assets/home/vendor/lity.min.js]
[d2105m540nvnaz.cloudfront.net/assets/home/inview-control.js]
[d2105m540nvnaz.cloudfront.net/assets/home/main-a3e4a5910ce4a8c91df78160f855613057710b1e934ff6b20ab6af28558b210b.js]
[d2105m540nvnaz.cloudfront.net/assets/home/comment-reply.min.js]
[d2105m540nvnaz.cloudfront.net/assets/home/wp-embed.min.js]
[d2105m540nvnaz.cloudfront.net/assets/home/js_composer_front.min.js]
[d2105m540nvnaz.cloudfront.net/assets/bootstrap.min.js]
[d2105m540nvnaz.cloudfront.net/assets/home/jquery_003.js]
[www.dibiz.com/en.html]
[www.dibiz.com/index.html]
[www.googletagmanager.com/gtm5445.html]
[maxcdn.bootstrapcdn.com/font-awesome/4.7.0/css/font-awesome.min.css]
[d2105m540nvnaz.cloudfront.net/assets/home/css_002.css]
[d2105m540nvnaz.cloudfront.net/assets/home/css.css]
[d2105m540nvnaz.cloudfront.net/assets/home/reset.css]
[d2105m540nvnaz.cloudfront.net/assets/home/bootstrap.min.css]
[d2105m540nvnaz.cloudfront.net/assets/home/animate.min.css]
[d2105m540nvnaz.cloudfront.net/assets/home/owl.carousel.css]
[d2105m540nvnaz.cloudfront.net/assets/home/lity.min.css]
[d2105m540nvnaz.cloudfront.net/assets/home/jquery_002.js]
[d2105m540nvnaz.cloudfront.net/assets/home/slide-chef.jpg]
[d2105m540nvnaz.cloudfront.net/assets/home/slide.jpg]
[d2105m540nvnaz.cloudfront.net/assets/home/features-section-main-image-wrap.png]
[d2105m540nvnaz.cloudfront.net/assets/pricing/shadow-left.png]
[d2105m540nvnaz.cloudfront.net/assets/pricing/shadow-right.png]
[d2105m540nvnaz.cloudfront.net/assets/pricing/plus_blue_fill.jpg]
[d2105m540nvnaz.cloudfront.net/assets/pricing/plus_black_fill.jpg]
[d2105m540nvnaz.cloudfront.net/assets/pricing/plus_yellow_fill.jpg]
[d2105m540nvnaz.cloudfront.net/assets/how-it-works/cover.jpg]
[d2105m540nvnaz.cloudfront.net/assets/pricing/plus_blue.jpg]
[d2105m540nvnaz.cloudfront.net/assets/pricing/plus_black.jpg]
[d2105m540nvnaz.cloudfront.net/assets/home-bfab9fee0bd88831e62b5e5062b311056daf724e64eeb6b07daed8081d47b33e.css]
[d2105m540nvnaz.cloudfront.net/assets/home/css_003.css]
[d2105m540nvnaz.cloudfront.net/assets/pricing/plus_yellow.jpg]
[d2105m540nvnaz.cloudfront.net/assets/getmdl-select.min.css]
[d2105m540nvnaz.cloudfront.net/assets/getmdl-select.min.js]
[d2105m540nvnaz.cloudfront.net/assets/application-6ac148b8b13cdcc07ab16dfeea4423be9f79f8aaaa41b73f4d50ce0066034dbf.css]
[d2105m540nvnaz.cloudfront.net/assets/users/registrations-967d9f7b586674f9a5a81aeab6159e4856405e7bfb67711fbfb01dc938fa2713.css]
[d2105m540nvnaz.cloudfront.net/assets/application-d87ef85a99d62a72fb1db8d28703027344c9b999505ca0fa577f9089b745bc64.js]
[d2105m540nvnaz.cloudfront.net/assets/admin/dibiz-logo-w.png]
[d2105m540nvnaz.cloudfront.net/assets/users/registrations-36cf75b9a65f357129314356d727fec797204582dffa2ce5c2bfe0b7a64acbcc.js]
[www.dibiz.com/en/signup.html]
[www.dibiz.com/en/terms.html]
[www.dibiz.com/de/pricing.html]
[www.dibiz.com/es/pricing.html]
[www.dibiz.com/fr/pricing.html]
[www.dibiz.com/zh/pricing.html]
[www.dibiz.com/ru/pricing.html]
[www.dibiz.com/ar/pricing.html]
[www.dibiz.com/he/pricing.html]
[d2105m540nvnaz.cloudfront.net/assets/pricing/badge-small.jpg]
[d2105m540nvnaz.cloudfront.net/assets/pricing/badge-medium.jpg]
[www.dibiz.com/en/pricing.html]
[d2105m540nvnaz.cloudfront.net/assets/pricing/badge-large.jpg]
[www.dibiz.com/de/how.html]
[www.dibiz.com/es/how.html]
[www.dibiz.com/fr/how.html]
[www.dibiz.com/zh/how.html]
[www.dibiz.com/ru/how.html]
[www.dibiz.com/ar/how.html]
[www.dibiz.com/he/how.html]
[d2105m540nvnaz.cloudfront.net/assets/how-it-works/sec_img1.png]
[www.dibiz.com/en/save-card/iphone.html]
[www.dibiz.com/en/save-card/android.html]
[d2105m540nvnaz.cloudfront.net/assets/how-it-works/sec_img2.png]
[www.dibiz.com/en/how.html]
[d2105m540nvnaz.cloudfront.net/assets/how-it-works/sec_img3.png]
[www.dibiz.com/de/signup.html]
[www.dibiz.com/de.html]
[www.dibiz.com/de/reset_password.html]
[www.dibiz.com/es/signup.html]
[www.dibiz.com/es.html]
[www.dibiz.com/es/reset_password.html]
[www.dibiz.com/fr/signup.html]
[www.dibiz.com/fr.html]
[www.dibiz.com/fr/reset_password.html]
[www.dibiz.com/zh/signup.html]
[www.dibiz.com/zh.html]
[www.dibiz.com/zh/reset_password.html]
[www.dibiz.com/ru/signup.html]
[www.dibiz.com/ru.html]
[www.dibiz.com/ru/reset_password.html]
[d2105m540nvnaz.cloudfront.net/assets/home/rtl-05fe2dee6553bf38dd5918bea52144dbccbd07d2d42329a17441382729ff14c7.css]
[www.dibiz.com/ar/signup.html]
[www.dibiz.com/ar.html]
[www.dibiz.com/ar/reset_password.html]
[www.dibiz.com/he/signup.html]
[www.dibiz.com/he.html]
[d2105m540nvnaz.cloudfront.net/assets/swiper.min.css]
[www.dibiz.com/he/reset_password.html]
[d2105m540nvnaz.cloudfront.net/assets/users/passwords-80759b4cee68c756eeb22741882879da1d46297f744a79735c8ab1a79fccfe7b.css]
[www.dibiz.com/en/reset_password.html]
[d2105m540nvnaz.cloudfront.net/assets/getmdl-select.min.css]
[d2105m540nvnaz.cloudfront.net/assets/application-6ac148b8b13cdcc07ab16dfeea4423be9f79f8aaaa41b73f4d50ce0066034dbf.css]
[d2105m540nvnaz.cloudfront.net/assets/users/passwords-710f85af721127c2c243041b2a5072f693b05aeb665f38b6e0c6447c90a0097f.js]
[d2105m540nvnaz.cloudfront.net/assets/registration/select-rim.png]
[d2105m540nvnaz.cloudfront.net/assets/users/registrations-967d9f7b586674f9a5a81aeab6159e4856405e7bfb67711fbfb01dc938fa2713.css]
[d2105m540nvnaz.cloudfront.net/assets/registration/idea-icon.png]
[d2105m540nvnaz.cloudfront.net/assets/home/screen.css]
[d2105m540nvnaz.cloudfront.net/assets/home/theme/green.css]
[d2105m540nvnaz.cloudfront.net/assets/home/noyah/style.css]
[d2105m540nvnaz.cloudfront.net/assets/home/theme.css]
[www.dibiz.com/en/terms.html]
[www.dibiz.com/de/pricing.html]
[www.dibiz.com/es/pricing.html]
[www.dibiz.com/fr/pricing.html]
[www.dibiz.com/zh/pricing.html]
[www.dibiz.com/ru/pricing.html]
[www.dibiz.com/ar/pricing.html]
[www.dibiz.com/he/pricing.html]
[www.dibiz.com/de/how.html]
[www.dibiz.com/es/how.html]
[www.dibiz.com/fr/how.html]
[www.dibiz.com/zh/how.html]
[www.dibiz.com/ru/how.html]
[www.dibiz.com/ar/how.html]
[www.dibiz.com/en/privacy.html]
[www.dibiz.com/he/save-card/iphone.html]
[www.dibiz.com/he/how.html]
[www.dibiz.com/he/save-card/android.html]
[s3.eu-central-1.amazonaws.com/dibiz/save-card-en-instructions-iphone.jpg]
[www.dibiz.com/en/save-card/iphone.html]
[s3.eu-central-1.amazonaws.com/dibiz/save-card-en-instructions-android.jpg]
[www.dibiz.com/en/save-card/android.html]
[www.dibiz.com/de/signup.html]
[www.dibiz.com/de/reset_password.html]
[www.dibiz.com/de/terms.html]
[www.dibiz.com/es/signup.html]
[www.dibiz.com/es/reset_password.html]
[www.dibiz.com/es/terms.html]
[www.dibiz.com/fr/signup.html]
[www.dibiz.com/fr/reset_password.html]
[www.dibiz.com/fr/terms.html]
[www.dibiz.com/zh/signup.html]
[www.dibiz.com/zh/reset_password.html]
[www.dibiz.com/zh/terms.html]
[www.dibiz.com/ru/signup.html]
[www.dibiz.com/ru/reset_password.html]
[d2105m540nvnaz.cloudfront.net/assets/home/rtl-05fe2dee6553bf38dd5918bea52144dbccbd07d2d42329a17441382729ff14c7.css]
[www.dibiz.com/ru/terms.html]
[www.dibiz.com/ar/signup.html]
[www.dibiz.com/ar/reset_password.html]
[www.dibiz.com/ar/terms.html]
[www.dibiz.com/he/signup.html]
[www.dibiz.com/he/reset_password.html]
[d2105m540nvnaz.cloudfront.net/assets/users/passwords-80759b4cee68c756eeb22741882879da1d46297f744a79735c8ab1a79fccfe7b.css]
[d2105m540nvnaz.cloudfront.net/assets/home/screen.css]
[d2105m540nvnaz.cloudfront.net/assets/home/theme/green.css]
[d2105m540nvnaz.cloudfront.net/assets/home/noyah/style.css]
[d2105m540nvnaz.cloudfront.net/assets/home/theme.css]
[www.dibiz.com/en/privacy.html]
[www.dibiz.com/he/terms.html]
[s3.eu-central-1.amazonaws.com/dibiz/save-card-he-instructions-iphone.jpg]
[www.dibiz.com/he/save-card/iphone.html]
[s3.eu-central-1.amazonaws.com/dibiz/save-card-he-instructions-android.jpg]
[www.dibiz.com/he/save-card/android.html]
[www.dibiz.com/de/terms.html]
[www.dibiz.com/es/terms.html]
[www.dibiz.com/fr/terms.html]
[www.dibiz.com/zh/terms.html]
[www.dibiz.com/ru/terms.html]
[www.dibiz.com/ar/terms.html]
[d2105m540nvnaz.cloudfront.net/assets/rtl-registration-eedcbcfca84b9c65326b6cc6cd59966162ca760fae15090550fd77d4073a4619.css]
[www.dibiz.com/he/terms.html]
[www.dibiz.com/he/privacy.html]
[www.dibiz.com/he/privacy.html]
